// Jest Snapshot v1, https://goo.gl/fbAQLP

exports[`index should expose the expected entries 1`] = `
Object {
  "Area": [Function],
  "Photo": [Function],
}
`;
